// Jest Snapshot v1, https://goo.gl/fbAQLP

exports[`material-ui.netlify.com matches the snapshot on / 1`] = `
<WebArea>
  <text>Not Found</text>
</WebArea>;

`;

exports[`material-ui.netlify.com matches the snapshot on /components/selects/ 1`] = `
<WebArea>
  <text>Not Found</text>
</WebArea>;

`;
